{
    "maize_v4 genome_wide": {
        "content": [
            {
                "stderr": [
                    "Picked up JAVA_TOOL_OPTIONS: -XX:ParallelGCThreads=1"
                ],
                "errorReport": null,
                "exitStatus": 0,
                "out": {
                    
                },
                "failed": false,
                "stdout": [
                    
                ],
                "errorMessage": null,
                "trace": {
                    "tasksFailed": 0,
                    "tasksCount": 12,
                    "tasksSucceeded": 12
                },
                "name": "workflow",
                "success": true
            },
            [
                "bundle_sheath_marand_top10k_chr1_allshuff_sorted_miniac_stats.txt:md5,1e9f5e9dd74a7d87f70d457560ef5582",
                "mesophyll_marand_top10k_chr1_allshuff_sorted_miniac_stats.txt:md5,c0b46c8893eb2de41023235157e7b545"
            ],
            [
                "bundle_sheath_marand_top10k_chr1_GO_enrichment.txt:md5,147f8825d5cc12c28d506b30ec4c754a",
                "mesophyll_marand_top10k_chr1_GO_enrichment.txt:md5,3b4e2bdcbe2b8a902a22bee40f7efc50"
            ],
            [
                "bundle_sheath_marand_top10k_chr1_GO_enrichment.csv:md5,b7c00d0029349a07d24b9c8e09b487d0",
                "bundle_sheath_marand_top10k_chr1_TF_centric.csv:md5,3b5e27cb8137427fb0a3064ee8e8f3bc",
                "bundle_sheath_marand_top10k_chr1_functional_network.txt:md5,4bb035ce16e2cc08de102e5f1a1e50f0",
                "bundle_sheath_marand_top10k_chr1_motif_centric.csv:md5,3a8395ac2eef34cf73f6be805be92f03",
                "bundle_sheath_marand_top10k_chr1_node_attributes.txt:md5,9a8695f13204877ef3ba00f3dcde0d49",
                "mesophyll_marand_top10k_chr1_GO_enrichment.csv:md5,e0df3df69365e1c9aeec86655ae56320",
                "mesophyll_marand_top10k_chr1_TF_centric.csv:md5,8c9ff0fa88ae3df64cab220ae2ce1d84",
                "mesophyll_marand_top10k_chr1_functional_network.txt:md5,bbd0e70667415779799281749cf5dbc6",
                "mesophyll_marand_top10k_chr1_motif_centric.csv:md5,391e440c829285fc7a096ee34eff1278",
                "mesophyll_marand_top10k_chr1_node_attributes.txt:md5,ab4edb60d8ae6dfad60ce592d98e9fb8"
            ],
            [
                "bundle_sheath_marand_top10k_chr1_network.txt:md5,216ceb10b36d17b10e68f9bf5256d8eb",
                "bundle_sheath_marand_top10k_chr1_network_filtered.txt:md5,abf45ebb46c870e023cf8cde900e914e",
                "mesophyll_marand_top10k_chr1_network.txt:md5,eda5ca6e1146b60b5df56adc11e33781",
                "mesophyll_marand_top10k_chr1_network_filtered.txt:md5,2f46652db211543d395bfb8662ec1f31"
            ]
        ],
        "timestamp": "2023-09-26T13:43:46+0000"
    },
    "maize_v4 locus_based": {
        "content": [
            {
                "stderr": [
                    "Picked up JAVA_TOOL_OPTIONS: -XX:ParallelGCThreads=1"
                ],
                "errorReport": null,
                "exitStatus": 0,
                "out": {
                    
                },
                "failed": false,
                "stdout": [
                    "WARN: Access to undefined parameter `DE_genes_dir` -- Initialise it to a default value eg. `params.DE_genes_dir = some_value`",
                    "WARN: Access to undefined parameter `One_DE_set` -- Initialise it to a default value eg. `params.One_DE_set = some_value`"
                ],
                "errorMessage": null,
                "trace": {
                    "tasksFailed": 0,
                    "tasksCount": 12,
                    "tasksSucceeded": 12
                },
                "name": "workflow",
                "success": true
            },
            [
                "bundle_sheath_marand_top10k_chr1_allshuff_sorted_miniac_stats.txt:md5,40c1c0cd068e3f6836ba99a205798474",
                "mesophyll_marand_top10k_chr1_allshuff_sorted_miniac_stats.txt:md5,05064a20e72e805d74a3ac1cae3cf16a"
            ],
            [
                "bundle_sheath_marand_top10k_chr1_GO_enrichment.txt:md5,7a32ac19926b234b4e77cf74330f90e2",
                "mesophyll_marand_top10k_chr1_GO_enrichment.txt:md5,9753846fba7d622132987846d5d01ea4"
            ],
            [
                "bundle_sheath_marand_top10k_chr1_GO_enrichment.csv:md5,9dd2a3396e25369c9397ae880d33a48a",
                "bundle_sheath_marand_top10k_chr1_TF_centric.csv:md5,f7da179b6ae7d55e937d56d7d4ac0b10",
                "bundle_sheath_marand_top10k_chr1_functional_network.txt:md5,70c128571c2464e548cba3f2158e4bb7",
                "bundle_sheath_marand_top10k_chr1_motif_centric.csv:md5,34ab01a07500a025e634af7712d774c0",
                "bundle_sheath_marand_top10k_chr1_node_attributes.txt:md5,7024004cce3df6e3f6561d1df56645c6",
                "mesophyll_marand_top10k_chr1_GO_enrichment.csv:md5,375aecbcff1ee247656f491e469d1f1d",
                "mesophyll_marand_top10k_chr1_TF_centric.csv:md5,1a8b570331c12f9cfdd98c85b0c18924",
                "mesophyll_marand_top10k_chr1_functional_network.txt:md5,c472a7f87e4a4e422c6165152c970697",
                "mesophyll_marand_top10k_chr1_motif_centric.csv:md5,181403d96fb7d5c98dfcb98a0605dbe0",
                "mesophyll_marand_top10k_chr1_node_attributes.txt:md5,fbc3be7043c82dc203b3f1f98ddeee9e"
            ],
            [
                "bundle_sheath_marand_top10k_chr1_network.txt:md5,e849be990f7af97a93dc2e247b639f27",
                "bundle_sheath_marand_top10k_chr1_network_filtered.txt:md5,0bac5df397663df023c84df1dd1f9a38",
                "mesophyll_marand_top10k_chr1_network.txt:md5,a377daa145c199bf4221664b0a721aa9",
                "mesophyll_marand_top10k_chr1_network_filtered.txt:md5,60bea8aab77abd281b2b8e040f2938ff"
            ]
        ],
        "timestamp": "2023-09-26T13:43:46+0000"
    }
}